Git Repository:
https://github.com/karthik94426/practice.git
https config:
$ git config --global http.proxy http://172.26.30.153:8080
clone git:
$ git clone https://github.com/karthik94426/DevOps-Practice.git

//////////////////////////////

SYNADY1470+syntel@SYNADY1470 MINGW64 ~ (master)
$ pwd
/c/Users/syntel.SYNADY1470
　
SYNADY1470+syntel@SYNADY1470 MINGW64 ~ (master)
$ cd C:\Users\syntel.SYNADY1470\DevOps-Practice
bash: cd: C:Userssyntel.SYNADY1470DevOps-Practice: No such file or directory
　
SYNADY1470+syntel@SYNADY1470 MINGW64 ~ (master)
$ cd DevOps-Practice
　
SYNADY1470+syntel@SYNADY1470 MINGW64 ~/DevOps-Practice (master)
$ cat > file1
this is first
　
SYNADY1470+syntel@SYNADY1470 MINGW64 ~/DevOps-Practice (master)
$ git status
On branch master
Your branch is up to date with 'origin/master'.
　
Untracked files:
  (use "git add <file>..." to include in what will be committed)
　
        file1
　
nothing added to commit but untracked files present (use "git add" to track)
　
SYNADY1470+syntel@SYNADY1470 MINGW64 ~/DevOps-Practice (master)
$ git add file1
warning: LF will be replaced by CRLF in file1.
The file will have its original line endings in your working directory.
　
SYNADY1470+syntel@SYNADY1470 MINGW64 ~/DevOps-Practice (master)
$ git status
On branch master
Your branch is up to date with 'origin/master'.
　
Changes to be committed:
  (use "git reset HEAD <file>..." to unstage)
　
        new file:   file1
　
　
SYNADY1470+syntel@SYNADY1470 MINGW64 ~/DevOps-Practice (master)
